CUDA backend failed to initialize: jaxlib/cuda/versions_helpers.cc:99: operation cuInit(0) failed: CUDA_ERROR_NO_DEVICE.(Set TF_CPP_MIN_LOG_LEVEL=0 and rerun for more info.)
/easybuild/software/Python/3.11.3-GCCcore-12.3.0/lib/python3.11/subprocess.py:1850: RuntimeWarning: os.fork() was called. os.fork() is incompatible with multithreaded code, and JAX is multithreaded, so this will likely lead to a deadlock.
  self.pid = _fork_exec(
2024-08-08 11:08:20,892	INFO worker.py:1749 -- Started a local Ray instance.
[36m(pid=3005572)[0m CUDA backend failed to initialize: jaxlib/cuda/versions_helpers.cc:99: operation cuInit(0) failed: CUDA_ERROR_NO_DEVICE.(Set TF_CPP_MIN_LOG_LEVEL=0 and rerun for more info.)
[36m(pid=3005576)[0m CUDA backend failed to initialize: jaxlib/cuda/versions_helpers.cc:99: operation cuInit(0) failed: CUDA_ERROR_NO_DEVICE.(Set TF_CPP_MIN_LOG_LEVEL=0 and rerun for more info.)
[36m(pid=3005574)[0m CUDA backend failed to initialize: jaxlib/cuda/versions_helpers.cc:99: operation cuInit(0) failed: CUDA_ERROR_NO_DEVICE.(Set TF_CPP_MIN_LOG_LEVEL=0 and rerun for more info.)
[36m(pid=3005578)[0m CUDA backend failed to initialize: jaxlib/cuda/versions_helpers.cc:99: operation cuInit(0) failed: CUDA_ERROR_NO_DEVICE.(Set TF_CPP_MIN_LOG_LEVEL=0 and rerun for more info.)
[36m(pid=3074423)[0m CUDA backend failed to initialize: jaxlib/cuda/versions_helpers.cc:99: operation cuInit(0) failed: CUDA_ERROR_NO_DEVICE.(Set TF_CPP_MIN_LOG_LEVEL=0 and rerun for more info.)
[36m(pid=3082271)[0m CUDA backend failed to initialize: jaxlib/cuda/versions_helpers.cc:99: operation cuInit(0) failed: CUDA_ERROR_NO_DEVICE.(Set TF_CPP_MIN_LOG_LEVEL=0 and rerun for more info.)
[36m(pid=3120452)[0m CUDA backend failed to initialize: jaxlib/cuda/versions_helpers.cc:99: operation cuInit(0) failed: CUDA_ERROR_NO_DEVICE.(Set TF_CPP_MIN_LOG_LEVEL=0 and rerun for more info.)
[36m(pid=3120788)[0m CUDA backend failed to initialize: jaxlib/cuda/versions_helpers.cc:99: operation cuInit(0) failed: CUDA_ERROR_NO_DEVICE.(Set TF_CPP_MIN_LOG_LEVEL=0 and rerun for more info.)
[36m(pid=3144748)[0m CUDA backend failed to initialize: jaxlib/cuda/versions_helpers.cc:99: operation cuInit(0) failed: CUDA_ERROR_NO_DEVICE.(Set TF_CPP_MIN_LOG_LEVEL=0 and rerun for more info.)
[36m(pid=3166848)[0m CUDA backend failed to initialize: jaxlib/cuda/versions_helpers.cc:99: operation cuInit(0) failed: CUDA_ERROR_NO_DEVICE.(Set TF_CPP_MIN_LOG_LEVEL=0 and rerun for more info.)
[36m(pid=3181565)[0m CUDA backend failed to initialize: jaxlib/cuda/versions_helpers.cc:99: operation cuInit(0) failed: CUDA_ERROR_NO_DEVICE.(Set TF_CPP_MIN_LOG_LEVEL=0 and rerun for more info.)
[36m(pid=3181564)[0m CUDA backend failed to initialize: jaxlib/cuda/versions_helpers.cc:99: operation cuInit(0) failed: CUDA_ERROR_NO_DEVICE.(Set TF_CPP_MIN_LOG_LEVEL=0 and rerun for more info.)
[36m(pid=3203615)[0m CUDA backend failed to initialize: jaxlib/cuda/versions_helpers.cc:99: operation cuInit(0) failed: CUDA_ERROR_NO_DEVICE.(Set TF_CPP_MIN_LOG_LEVEL=0 and rerun for more info.)
[36m(pid=3203614)[0m CUDA backend failed to initialize: jaxlib/cuda/versions_helpers.cc:99: operation cuInit(0) failed: CUDA_ERROR_NO_DEVICE.(Set TF_CPP_MIN_LOG_LEVEL=0 and rerun for more info.)
[36m(pid=3225521)[0m CUDA backend failed to initialize: jaxlib/cuda/versions_helpers.cc:99: operation cuInit(0) failed: CUDA_ERROR_NO_DEVICE.(Set TF_CPP_MIN_LOG_LEVEL=0 and rerun for more info.)
[36m(pid=3247718)[0m CUDA backend failed to initialize: jaxlib/cuda/versions_helpers.cc:99: operation cuInit(0) failed: CUDA_ERROR_NO_DEVICE.(Set TF_CPP_MIN_LOG_LEVEL=0 and rerun for more info.)
[36m(pid=3247717)[0m CUDA backend failed to initialize: jaxlib/cuda/versions_helpers.cc:99: operation cuInit(0) failed: CUDA_ERROR_NO_DEVICE.(Set TF_CPP_MIN_LOG_LEVEL=0 and rerun for more info.)
[36m(pid=3269893)[0m CUDA backend failed to initialize: jaxlib/cuda/versions_helpers.cc:99: operation cuInit(0) failed: CUDA_ERROR_NO_DEVICE.(Set TF_CPP_MIN_LOG_LEVEL=0 and rerun for more info.)
[36m(pid=3277566)[0m CUDA backend failed to initialize: jaxlib/cuda/versions_helpers.cc:99: operation cuInit(0) failed: CUDA_ERROR_NO_DEVICE.(Set TF_CPP_MIN_LOG_LEVEL=0 and rerun for more info.)
[36m(pid=3291688)[0m CUDA backend failed to initialize: jaxlib/cuda/versions_helpers.cc:99: operation cuInit(0) failed: CUDA_ERROR_NO_DEVICE.(Set TF_CPP_MIN_LOG_LEVEL=0 and rerun for more info.)
[36m(pid=3299827)[0m CUDA backend failed to initialize: jaxlib/cuda/versions_helpers.cc:99: operation cuInit(0) failed: CUDA_ERROR_NO_DEVICE.(Set TF_CPP_MIN_LOG_LEVEL=0 and rerun for more info.)
[36m(pid=3314102)[0m CUDA backend failed to initialize: jaxlib/cuda/versions_helpers.cc:99: operation cuInit(0) failed: CUDA_ERROR_NO_DEVICE.(Set TF_CPP_MIN_LOG_LEVEL=0 and rerun for more info.)
[36m(pid=3321803)[0m CUDA backend failed to initialize: jaxlib/cuda/versions_helpers.cc:99: operation cuInit(0) failed: CUDA_ERROR_NO_DEVICE.(Set TF_CPP_MIN_LOG_LEVEL=0 and rerun for more info.)
[36m(pid=3336101)[0m CUDA backend failed to initialize: jaxlib/cuda/versions_helpers.cc:99: operation cuInit(0) failed: CUDA_ERROR_NO_DEVICE.(Set TF_CPP_MIN_LOG_LEVEL=0 and rerun for more info.)
[36m(pid=3343344)[0m CUDA backend failed to initialize: jaxlib/cuda/versions_helpers.cc:99: operation cuInit(0) failed: CUDA_ERROR_NO_DEVICE.(Set TF_CPP_MIN_LOG_LEVEL=0 and rerun for more info.)
[36m(pid=3385482)[0m CUDA backend failed to initialize: jaxlib/cuda/versions_helpers.cc:99: operation cuInit(0) failed: CUDA_ERROR_NO_DEVICE.(Set TF_CPP_MIN_LOG_LEVEL=0 and rerun for more info.)
[36m(pid=3921559)[0m CUDA backend failed to initialize: jaxlib/cuda/versions_helpers.cc:99: operation cuInit(0) failed: CUDA_ERROR_NO_DEVICE.(Set TF_CPP_MIN_LOG_LEVEL=0 and rerun for more info.)
[36m(pid=39761)[0m CUDA backend failed to initialize: jaxlib/cuda/versions_helpers.cc:99: operation cuInit(0) failed: CUDA_ERROR_NO_DEVICE.(Set TF_CPP_MIN_LOG_LEVEL=0 and rerun for more info.)
[36m(pid=46623)[0m CUDA backend failed to initialize: jaxlib/cuda/versions_helpers.cc:99: operation cuInit(0) failed: CUDA_ERROR_NO_DEVICE.(Set TF_CPP_MIN_LOG_LEVEL=0 and rerun for more info.)
[36m(pid=62278)[0m CUDA backend failed to initialize: jaxlib/cuda/versions_helpers.cc:99: operation cuInit(0) failed: CUDA_ERROR_NO_DEVICE.(Set TF_CPP_MIN_LOG_LEVEL=0 and rerun for more info.)
[36m(pid=69134)[0m CUDA backend failed to initialize: jaxlib/cuda/versions_helpers.cc:99: operation cuInit(0) failed: CUDA_ERROR_NO_DEVICE.(Set TF_CPP_MIN_LOG_LEVEL=0 and rerun for more info.)
[36m(pid=85170)[0m CUDA backend failed to initialize: jaxlib/cuda/versions_helpers.cc:99: operation cuInit(0) failed: CUDA_ERROR_NO_DEVICE.(Set TF_CPP_MIN_LOG_LEVEL=0 and rerun for more info.)
[36m(pid=92803)[0m CUDA backend failed to initialize: jaxlib/cuda/versions_helpers.cc:99: operation cuInit(0) failed: CUDA_ERROR_NO_DEVICE.(Set TF_CPP_MIN_LOG_LEVEL=0 and rerun for more info.)
[36m(pid=108649)[0m CUDA backend failed to initialize: jaxlib/cuda/versions_helpers.cc:99: operation cuInit(0) failed: CUDA_ERROR_NO_DEVICE.(Set TF_CPP_MIN_LOG_LEVEL=0 and rerun for more info.)
[36m(pid=116120)[0m CUDA backend failed to initialize: jaxlib/cuda/versions_helpers.cc:99: operation cuInit(0) failed: CUDA_ERROR_NO_DEVICE.(Set TF_CPP_MIN_LOG_LEVEL=0 and rerun for more info.)
[36m(pid=131830)[0m CUDA backend failed to initialize: jaxlib/cuda/versions_helpers.cc:99: operation cuInit(0) failed: CUDA_ERROR_NO_DEVICE.(Set TF_CPP_MIN_LOG_LEVEL=0 and rerun for more info.)
[36m(pid=131829)[0m CUDA backend failed to initialize: jaxlib/cuda/versions_helpers.cc:99: operation cuInit(0) failed: CUDA_ERROR_NO_DEVICE.(Set TF_CPP_MIN_LOG_LEVEL=0 and rerun for more info.)
[36m(pid=171366)[0m CUDA backend failed to initialize: jaxlib/cuda/versions_helpers.cc:99: operation cuInit(0) failed: CUDA_ERROR_NO_DEVICE.(Set TF_CPP_MIN_LOG_LEVEL=0 and rerun for more info.)
slurmstepd: error: Detected 31 oom_kill events in StepId=2703499.0. Some of the step tasks have been OOM Killed.
srun: error: node876: task 0: Out Of Memory
