/easybuild/software/Python/3.11.3-GCCcore-12.3.0/lib/python3.11/subprocess.py:1850: RuntimeWarning: os.fork() was called. os.fork() is incompatible with multithreaded code, and JAX is multithreaded, so this will likely lead to a deadlock.
  self.pid = _fork_exec(
2024-08-08 11:08:20,900	INFO worker.py:1749 -- Started a local Ray instance.
[33m(raylet)[0m Failed to connect to GCS. Please check `gcs_server.out` for more details.
[33m(raylet)[0m Failed to connect to GCS. Please check `gcs_server.out` for more details.
[33m(raylet)[0m Failed to connect to GCS. Please check `gcs_server.out` for more details.
[33m(raylet)[0m Failed to publish error: Traceback (most recent call last):
[33m(raylet)[0m   File "/data1/projects/pi-emontsp/pyenvs/gpeps/lib/python3.11/site-packages/ray/_private/worker.py", line 2259, in connect
[33m(raylet)[0m     node.check_version_info()
[33m(raylet)[0m   File "/data1/projects/pi-emontsp/pyenvs/gpeps/lib/python3.11/site-packages/ray/_private/node.py", line 410, in check_version_info
[33m(raylet)[0m     cluster_metadata = ray_usage_lib.get_cluster_metadata(self.get_gcs_client())
[33m(raylet)[0m                        ^^^^^^^^^^^^^^^^^^^^^^^^^^^^^^^^^^^^^^^^^^^^^^^^^^^^^^^^^
[33m(raylet)[0m   File "/data1/projects/pi-emontsp/pyenvs/gpeps/lib/python3.11/site-packages/ray/_private/usage/usage_lib.py", line 802, in get_cluster_metadata
[33m(raylet)[0m     gcs_client.internal_kv_get(
[33m(raylet)[0m   File "python/ray/_raylet.pyx", line 2677, in ray._raylet._auto_reconnect.wrapper
[33m(raylet)[0m   File "python/ray/_raylet.pyx", line 2665, in ray._raylet._auto_reconnect.wrapper
[33m(raylet)[0m   File "python/ray/_raylet.pyx", line 2770, in ray._raylet.GcsClient.internal_kv_get
[33m(raylet)[0m   File "python/ray/_raylet.pyx", line 583, in ray._raylet.check_status
[33m(raylet)[0m ray.exceptions.RpcError: failed to connect to all addresses; last error: UNKNOWN: ipv4:10.161.24.15:44815: connection attempt timed out before receiving SETTINGS frame
[33m(raylet)[0m  [type version_mismatch]
[33m(raylet)[0m Traceback (most recent call last):
[33m(raylet)[0m   File "/data1/projects/pi-emontsp/pyenvs/gpeps/lib/python3.11/site-packages/ray/_private/worker.py", line 2259, in connect
[33m(raylet)[0m     node.check_version_info()
[33m(raylet)[0m   File "/data1/projects/pi-emontsp/pyenvs/gpeps/lib/python3.11/site-packages/ray/_private/node.py", line 410, in check_version_info
[33m(raylet)[0m     cluster_metadata = ray_usage_lib.get_cluster_metadata(self.get_gcs_client())
[33m(raylet)[0m                        ^^^^^^^^^^^^^^^^^^^^^^^^^^^^^^^^^^^^^^^^^^^^^^^^^^^^^^^^^
[33m(raylet)[0m   File "/data1/projects/pi-emontsp/pyenvs/gpeps/lib/python3.11/site-packages/ray/_private/usage/usage_lib.py", line 802, in get_cluster_metadata
[33m(raylet)[0m     gcs_client.internal_kv_get(
[33m(raylet)[0m   File "python/ray/_raylet.pyx", line 2677, in ray._raylet._auto_reconnect.wrapper
[33m(raylet)[0m   File "python/ray/_raylet.pyx", line 2665, in ray._raylet._auto_reconnect.wrapper
[33m(raylet)[0m   File "python/ray/_raylet.pyx", line 2770, in ray._raylet.GcsClient.internal_kv_get
[33m(raylet)[0m   File "python/ray/_raylet.pyx", line 583, in ray._raylet.check_status
[33m(raylet)[0m ray.exceptions.RpcError: failed to connect to all addresses; last error: UNKNOWN: ipv4:10.161.24.15:44815: connection attempt timed out before receiving SETTINGS frame
[33m(raylet)[0m 
[33m(raylet)[0m During handling of the above exception, another exception occurred:
[33m(raylet)[0m 
[33m(raylet)[0m Traceback (most recent call last):
[33m(raylet)[0m   File "/data1/projects/pi-emontsp/pyenvs/gpeps/lib/python3.11/site-packages/ray/_private/utils.py", line 207, in publish_error_to_driver
[33m(raylet)[0m     gcs_publisher.publish_error(
[33m(raylet)[0m   File "python/ray/_raylet.pyx", line 3040, in ray._raylet.GcsPublisher.publish_error
[33m(raylet)[0m   File "python/ray/_raylet.pyx", line 573, in ray._raylet.check_status
[33m(raylet)[0m ray.exceptions.GetTimeoutError: Failed to publish after retries: failed to connect to all addresses; last error: UNKNOWN: ipv4:10.161.24.15:44815: connection attempt timed out before receiving SETTINGS frame
[33m(raylet)[0m Failed to publish error: Traceback (most recent call last):
[33m(raylet)[0m   File "/data1/projects/pi-emontsp/pyenvs/gpeps/lib/python3.11/site-packages/ray/_private/worker.py", line 2259, in connect
[33m(raylet)[0m     node.check_version_info()
[33m(raylet)[0m   File "/data1/projects/pi-emontsp/pyenvs/gpeps/lib/python3.11/site-packages/ray/_private/node.py", line 410, in check_version_info
[33m(raylet)[0m     cluster_metadata = ray_usage_lib.get_cluster_metadata(self.get_gcs_client())
[33m(raylet)[0m                        ^^^^^^^^^^^^^^^^^^^^^^^^^^^^^^^^^^^^^^^^^^^^^^^^^^^^^^^^^
[33m(raylet)[0m   File "/data1/projects/pi-emontsp/pyenvs/gpeps/lib/python3.11/site-packages/ray/_private/usage/usage_lib.py", line 802, in get_cluster_metadata
[33m(raylet)[0m     gcs_client.internal_kv_get(
[33m(raylet)[0m   File "python/ray/_raylet.pyx", line 2677, in ray._raylet._auto_reconnect.wrapper
[33m(raylet)[0m   File "python/ray/_raylet.pyx", line 2665, in ray._raylet._auto_reconnect.wrapper
[33m(raylet)[0m   File "python/ray/_raylet.pyx", line 2770, in ray._raylet.GcsClient.internal_kv_get
[33m(raylet)[0m   File "python/ray/_raylet.pyx", line 583, in ray._raylet.check_status
[33m(raylet)[0m ray.exceptions.RpcError: failed to connect to all addresses; last error: UNKNOWN: ipv4:10.161.24.15:44815: connection attempt timed out before receiving SETTINGS frame
[33m(raylet)[0m  [type version_mismatch]
[33m(raylet)[0m Traceback (most recent call last):
[33m(raylet)[0m   File "/data1/projects/pi-emontsp/pyenvs/gpeps/lib/python3.11/site-packages/ray/_private/worker.py", line 2259, in connect
[33m(raylet)[0m     node.check_version_info()
[33m(raylet)[0m   File "/data1/projects/pi-emontsp/pyenvs/gpeps/lib/python3.11/site-packages/ray/_private/node.py", line 410, in check_version_info
[33m(raylet)[0m     cluster_metadata = ray_usage_lib.get_cluster_metadata(self.get_gcs_client())
[33m(raylet)[0m                        ^^^^^^^^^^^^^^^^^^^^^^^^^^^^^^^^^^^^^^^^^^^^^^^^^^^^^^^^^
[33m(raylet)[0m   File "/data1/projects/pi-emontsp/pyenvs/gpeps/lib/python3.11/site-packages/ray/_private/usage/usage_lib.py", line 802, in get_cluster_metadata
[33m(raylet)[0m     gcs_client.internal_kv_get(
[33m(raylet)[0m   File "python/ray/_raylet.pyx", line 2677, in ray._raylet._auto_reconnect.wrapper
[33m(raylet)[0m   File "python/ray/_raylet.pyx", line 2665, in ray._raylet._auto_reconnect.wrapper
[33m(raylet)[0m   File "python/ray/_raylet.pyx", line 2770, in ray._raylet.GcsClient.internal_kv_get
[33m(raylet)[0m   File "python/ray/_raylet.pyx", line 583, in ray._raylet.check_status
[33m(raylet)[0m ray.exceptions.RpcError: failed to connect to all addresses; last error: UNKNOWN: ipv4:10.161.24.15:44815: connection attempt timed out before receiving SETTINGS frame
[33m(raylet)[0m 
[33m(raylet)[0m During handling of the above exception, another exception occurred:
[33m(raylet)[0m 
[33m(raylet)[0m Traceback (most recent call last):
[33m(raylet)[0m   File "/data1/projects/pi-emontsp/pyenvs/gpeps/lib/python3.11/site-packages/ray/_private/utils.py", line 207, in publish_error_to_driver
[33m(raylet)[0m     gcs_publisher.publish_error(
[33m(raylet)[0m   File "python/ray/_raylet.pyx", line 3040, in ray._raylet.GcsPublisher.publish_error
[33m(raylet)[0m   File "python/ray/_raylet.pyx", line 573, in ray._raylet.check_status
[33m(raylet)[0m ray.exceptions.GetTimeoutError: Failed to publish after retries: failed to connect to all addresses; last error: UNKNOWN: ipv4:10.161.24.15:44815: connection attempt timed out before receiving SETTINGS frame
[33m(raylet)[0m Failed to publish error: Traceback (most recent call last):
[33m(raylet)[0m   File "/data1/projects/pi-emontsp/pyenvs/gpeps/lib/python3.11/site-packages/ray/_private/worker.py", line 2259, in connect
[33m(raylet)[0m     node.check_version_info()
[33m(raylet)[0m   File "/data1/projects/pi-emontsp/pyenvs/gpeps/lib/python3.11/site-packages/ray/_private/node.py", line 410, in check_version_info
[33m(raylet)[0m     cluster_metadata = ray_usage_lib.get_cluster_metadata(self.get_gcs_client())
[33m(raylet)[0m                        ^^^^^^^^^^^^^^^^^^^^^^^^^^^^^^^^^^^^^^^^^^^^^^^^^^^^^^^^^
[33m(raylet)[0m   File "/data1/projects/pi-emontsp/pyenvs/gpeps/lib/python3.11/site-packages/ray/_private/usage/usage_lib.py", line 802, in get_cluster_metadata
[33m(raylet)[0m     gcs_client.internal_kv_get(
[33m(raylet)[0m   File "python/ray/_raylet.pyx", line 2677, in ray._raylet._auto_reconnect.wrapper
[33m(raylet)[0m   File "python/ray/_raylet.pyx", line 2665, in ray._raylet._auto_reconnect.wrapper
[33m(raylet)[0m   File "python/ray/_raylet.pyx", line 2770, in ray._raylet.GcsClient.internal_kv_get
[33m(raylet)[0m   File "python/ray/_raylet.pyx", line 583, in ray._raylet.check_status
[33m(raylet)[0m ray.exceptions.RpcError: failed to connect to all addresses; last error: UNKNOWN: ipv4:10.161.24.15:44815: connection attempt timed out before receiving SETTINGS frame
[33m(raylet)[0m  [type version_mismatch]
[33m(raylet)[0m Traceback (most recent call last):
[33m(raylet)[0m   File "/data1/projects/pi-emontsp/pyenvs/gpeps/lib/python3.11/site-packages/ray/_private/worker.py", line 2259, in connect
[33m(raylet)[0m     node.check_version_info()
[33m(raylet)[0m   File "/data1/projects/pi-emontsp/pyenvs/gpeps/lib/python3.11/site-packages/ray/_private/node.py", line 410, in check_version_info
[33m(raylet)[0m     cluster_metadata = ray_usage_lib.get_cluster_metadata(self.get_gcs_client())
[33m(raylet)[0m                        ^^^^^^^^^^^^^^^^^^^^^^^^^^^^^^^^^^^^^^^^^^^^^^^^^^^^^^^^^
[33m(raylet)[0m   File "/data1/projects/pi-emontsp/pyenvs/gpeps/lib/python3.11/site-packages/ray/_private/usage/usage_lib.py", line 802, in get_cluster_metadata
[33m(raylet)[0m     gcs_client.internal_kv_get(
[33m(raylet)[0m   File "python/ray/_raylet.pyx", line 2677, in ray._raylet._auto_reconnect.wrapper
[33m(raylet)[0m   File "python/ray/_raylet.pyx", line 2665, in ray._raylet._auto_reconnect.wrapper
[33m(raylet)[0m   File "python/ray/_raylet.pyx", line 2770, in ray._raylet.GcsClient.internal_kv_get
[33m(raylet)[0m   File "python/ray/_raylet.pyx", line 583, in ray._raylet.check_status
[33m(raylet)[0m ray.exceptions.RpcError: failed to connect to all addresses; last error: UNKNOWN: ipv4:10.161.24.15:44815: connection attempt timed out before receiving SETTINGS frame
[33m(raylet)[0m 
[33m(raylet)[0m During handling of the above exception, another exception occurred:
[33m(raylet)[0m 
[33m(raylet)[0m Traceback (most recent call last):
[33m(raylet)[0m   File "/data1/projects/pi-emontsp/pyenvs/gpeps/lib/python3.11/site-packages/ray/_private/utils.py", line 207, in publish_error_to_driver
[33m(raylet)[0m     gcs_publisher.publish_error(
[33m(raylet)[0m   File "python/ray/_raylet.pyx", line 3040, in ray._raylet.GcsPublisher.publish_error
[33m(raylet)[0m   File "python/ray/_raylet.pyx", line 573, in ray._raylet.check_status
[33m(raylet)[0m ray.exceptions.GetTimeoutError: Failed to publish after retries: failed to connect to all addresses; last error: UNKNOWN: ipv4:10.161.24.15:44815: connection attempt timed out before receiving SETTINGS frame
srun: error: node015: task 0: Exited with exit code 1
