/easybuild/software/Python/3.11.3-GCCcore-12.3.0/lib/python3.11/subprocess.py:1850: RuntimeWarning: os.fork() was called. os.fork() is incompatible with multithreaded code, and JAX is multithreaded, so this will likely lead to a deadlock.
  self.pid = _fork_exec(
2024-08-08 11:08:20,888	INFO worker.py:1749 -- Started a local Ray instance.
Traceback (most recent call last):
  File "/home/akelman/data_pi-emontsp/akelman/code/gaussian-peps/manager.py", line 502, in <module>
    main(args)
  File "/home/akelman/data_pi-emontsp/akelman/code/gaussian-peps/manager.py", line 352, in main
    result = minimizer.minimize()
             ^^^^^^^^^^^^^^^^^^^^
  File "/data1/projects/pi-emontsp/akelman/code/gaussian-peps/ggpeps/minimizer.py", line 73, in minimize
    return self.minimize_scipy()
           ^^^^^^^^^^^^^^^^^^^^^
  File "/data1/projects/pi-emontsp/akelman/code/gaussian-peps/ggpeps/minimizer.py", line 178, in minimize_scipy
    min_result = minimize(energy_wrapper,
                 ^^^^^^^^^^^^^^^^^^^^^^^^
  File "/data1/projects/pi-emontsp/pyenvs/gpeps/lib/python3.11/site-packages/scipy/optimize/_minimize.py", line 708, in minimize
    res = _minimize_bfgs(fun, x0, args, jac, callback, **options)
          ^^^^^^^^^^^^^^^^^^^^^^^^^^^^^^^^^^^^^^^^^^^^^^^^^^^^^^^
  File "/data1/projects/pi-emontsp/pyenvs/gpeps/lib/python3.11/site-packages/scipy/optimize/_optimize.py", line 1398, in _minimize_bfgs
    _line_search_wolfe12(f, myfprime, xk, pk, gfk,
  File "/data1/projects/pi-emontsp/pyenvs/gpeps/lib/python3.11/site-packages/scipy/optimize/_optimize.py", line 1134, in _line_search_wolfe12
    ret = line_search_wolfe1(f, fprime, xk, pk, gfk,
          ^^^^^^^^^^^^^^^^^^^^^^^^^^^^^^^^^^^^^^^^^^
  File "/data1/projects/pi-emontsp/pyenvs/gpeps/lib/python3.11/site-packages/scipy/optimize/_linesearch.py", line 94, in line_search_wolfe1
    stp, fval, old_fval = scalar_search_wolfe1(
                          ^^^^^^^^^^^^^^^^^^^^^
  File "/data1/projects/pi-emontsp/pyenvs/gpeps/lib/python3.11/site-packages/scipy/optimize/_linesearch.py", line 171, in scalar_search_wolfe1
    stp, phi1, phi0, task = dcsrch(
                            ^^^^^^^
  File "/data1/projects/pi-emontsp/pyenvs/gpeps/lib/python3.11/site-packages/scipy/optimize/_dcsrch.py", line 255, in __call__
    phi1 = self.phi(stp)
           ^^^^^^^^^^^^^
  File "/data1/projects/pi-emontsp/pyenvs/gpeps/lib/python3.11/site-packages/scipy/optimize/_linesearch.py", line 85, in phi
    return f(xk + s*pk, *args)
           ^^^^^^^^^^^^^^^^^^^
  File "/data1/projects/pi-emontsp/pyenvs/gpeps/lib/python3.11/site-packages/scipy/optimize/_differentiable_functions.py", line 278, in fun
    self._update_fun()
  File "/data1/projects/pi-emontsp/pyenvs/gpeps/lib/python3.11/site-packages/scipy/optimize/_differentiable_functions.py", line 262, in _update_fun
    self._update_fun_impl()
  File "/data1/projects/pi-emontsp/pyenvs/gpeps/lib/python3.11/site-packages/scipy/optimize/_differentiable_functions.py", line 163, in update_fun
    self.f = fun_wrapped(self.x)
             ^^^^^^^^^^^^^^^^^^^
  File "/data1/projects/pi-emontsp/pyenvs/gpeps/lib/python3.11/site-packages/scipy/optimize/_differentiable_functions.py", line 145, in fun_wrapped
    fx = fun(np.copy(x), *args)
         ^^^^^^^^^^^^^^^^^^^^^^
  File "/data1/projects/pi-emontsp/akelman/code/gaussian-peps/ggpeps/minimizer.py", line 129, in energy_wrapper
    self.last_result = self.evaluator_manager.simulate()
                       ^^^^^^^^^^^^^^^^^^^^^^^^^^^^^^^^^
  File "/data1/projects/pi-emontsp/akelman/code/gaussian-peps/ggpeps/evaluator_manager.py", line 88, in simulate
    resultvec = ray.get(resultvec)
                ^^^^^^^^^^^^^^^^^^
  File "/data1/projects/pi-emontsp/pyenvs/gpeps/lib/python3.11/site-packages/ray/_private/auto_init_hook.py", line 21, in auto_init_wrapper
    return fn(*args, **kwargs)
           ^^^^^^^^^^^^^^^^^^^
  File "/data1/projects/pi-emontsp/pyenvs/gpeps/lib/python3.11/site-packages/ray/_private/client_mode_hook.py", line 103, in wrapper
    return func(*args, **kwargs)
           ^^^^^^^^^^^^^^^^^^^^^
  File "/data1/projects/pi-emontsp/pyenvs/gpeps/lib/python3.11/site-packages/ray/_private/worker.py", line 2623, in get
    values, debugger_breakpoint = worker.get_objects(object_refs, timeout=timeout)
                                  ^^^^^^^^^^^^^^^^^^^^^^^^^^^^^^^^^^^^^^^^^^^^^^^^
  File "/data1/projects/pi-emontsp/pyenvs/gpeps/lib/python3.11/site-packages/ray/_private/worker.py", line 863, in get_objects
    raise value
ray.exceptions.WorkerCrashedError: The worker died unexpectedly while executing this task. Check python-core-worker-*.log files for more information.
srun: error: node015: task 0: Exited with exit code 1
