/easybuild/software/Python/3.11.3-GCCcore-12.3.0/lib/python3.11/subprocess.py:1850: RuntimeWarning: os.fork() was called. os.fork() is incompatible with multithreaded code, and JAX is multithreaded, so this will likely lead to a deadlock.
  self.pid = _fork_exec(
2024-08-08 11:08:20,900	INFO worker.py:1749 -- Started a local Ray instance.
[33m(raylet)[0m [2024-08-08 16:28:21,338 E 244597 244597] (raylet) worker_pool.cc:565: Some workers of the worker process(264453) have not registered within the timeout. The process is dead, probably it crashed during start.
[33m(raylet)[0m [2024-08-08 16:28:21,342 E 244597 244597] (raylet) worker_pool.cc:565: Some workers of the worker process(264454) have not registered within the timeout. The process is dead, probably it crashed during start.
[33m(raylet)[0m [2024-08-08 16:28:21,346 E 244597 244597] (raylet) worker_pool.cc:565: Some workers of the worker process(264455) have not registered within the timeout. The process is dead, probably it crashed during start.
[33m(raylet)[0m [2024-08-08 16:28:23,445 E 244597 244597] (raylet) worker_pool.cc:565: Some workers of the worker process(264458) have not registered within the timeout. The process is dead, probably it crashed during start.
Traceback (most recent call last):
  File "/home/akelman/data_pi-emontsp/akelman/code/gaussian-peps/manager.py", line 502, in <module>
    main(args)
  File "/home/akelman/data_pi-emontsp/akelman/code/gaussian-peps/manager.py", line 352, in main
    result = minimizer.minimize()
             ^^^^^^^^^^^^^^^^^^^^
  File "/data1/projects/pi-emontsp/akelman/code/gaussian-peps/ggpeps/minimizer.py", line 73, in minimize
    return self.minimize_scipy()
           ^^^^^^^^^^^^^^^^^^^^^
  File "/data1/projects/pi-emontsp/akelman/code/gaussian-peps/ggpeps/minimizer.py", line 178, in minimize_scipy
    min_result = minimize(energy_wrapper,
                 ^^^^^^^^^^^^^^^^^^^^^^^^
  File "/data1/projects/pi-emontsp/pyenvs/gpeps/lib/python3.11/site-packages/scipy/optimize/_minimize.py", line 708, in minimize
    res = _minimize_bfgs(fun, x0, args, jac, callback, **options)
          ^^^^^^^^^^^^^^^^^^^^^^^^^^^^^^^^^^^^^^^^^^^^^^^^^^^^^^^
  File "/data1/projects/pi-emontsp/pyenvs/gpeps/lib/python3.11/site-packages/scipy/optimize/_optimize.py", line 1398, in _minimize_bfgs
    _line_search_wolfe12(f, myfprime, xk, pk, gfk,
  File "/data1/projects/pi-emontsp/pyenvs/gpeps/lib/python3.11/site-packages/scipy/optimize/_optimize.py", line 1152, in _line_search_wolfe12
    ret = line_search_wolfe2(f, fprime, xk, pk, gfk,
          ^^^^^^^^^^^^^^^^^^^^^^^^^^^^^^^^^^^^^^^^^^
  File "/data1/projects/pi-emontsp/pyenvs/gpeps/lib/python3.11/site-packages/scipy/optimize/_linesearch.py", line 313, in line_search_wolfe2
    alpha_star, phi_star, old_fval, derphi_star = scalar_search_wolfe2(
                                                  ^^^^^^^^^^^^^^^^^^^^^
  File "/data1/projects/pi-emontsp/pyenvs/gpeps/lib/python3.11/site-packages/scipy/optimize/_linesearch.py", line 438, in scalar_search_wolfe2
    _zoom(alpha0, alpha1, phi_a0,
  File "/data1/projects/pi-emontsp/pyenvs/gpeps/lib/python3.11/site-packages/scipy/optimize/_linesearch.py", line 586, in _zoom
    phi_aj = phi(a_j)
             ^^^^^^^^
  File "/data1/projects/pi-emontsp/pyenvs/gpeps/lib/python3.11/site-packages/scipy/optimize/_linesearch.py", line 288, in phi
    return f(xk + alpha * pk, *args)
           ^^^^^^^^^^^^^^^^^^^^^^^^^
  File "/data1/projects/pi-emontsp/pyenvs/gpeps/lib/python3.11/site-packages/scipy/optimize/_differentiable_functions.py", line 278, in fun
    self._update_fun()
  File "/data1/projects/pi-emontsp/pyenvs/gpeps/lib/python3.11/site-packages/scipy/optimize/_differentiable_functions.py", line 262, in _update_fun
    self._update_fun_impl()
  File "/data1/projects/pi-emontsp/pyenvs/gpeps/lib/python3.11/site-packages/scipy/optimize/_differentiable_functions.py", line 163, in update_fun
    self.f = fun_wrapped(self.x)
             ^^^^^^^^^^^^^^^^^^^
  File "/data1/projects/pi-emontsp/pyenvs/gpeps/lib/python3.11/site-packages/scipy/optimize/_differentiable_functions.py", line 145, in fun_wrapped
    fx = fun(np.copy(x), *args)
         ^^^^^^^^^^^^^^^^^^^^^^
  File "/data1/projects/pi-emontsp/akelman/code/gaussian-peps/ggpeps/minimizer.py", line 129, in energy_wrapper
    self.last_result = self.evaluator_manager.simulate()
                       ^^^^^^^^^^^^^^^^^^^^^^^^^^^^^^^^^
  File "/data1/projects/pi-emontsp/akelman/code/gaussian-peps/ggpeps/evaluator_manager.py", line 88, in simulate
    resultvec = ray.get(resultvec)
                ^^^^^^^^^^^^^^^^^^
  File "/data1/projects/pi-emontsp/pyenvs/gpeps/lib/python3.11/site-packages/ray/_private/auto_init_hook.py", line 21, in auto_init_wrapper
    return fn(*args, **kwargs)
           ^^^^^^^^^^^^^^^^^^^
  File "/data1/projects/pi-emontsp/pyenvs/gpeps/lib/python3.11/site-packages/ray/_private/client_mode_hook.py", line 103, in wrapper
    return func(*args, **kwargs)
           ^^^^^^^^^^^^^^^^^^^^^
  File "/data1/projects/pi-emontsp/pyenvs/gpeps/lib/python3.11/site-packages/ray/_private/worker.py", line 2623, in get
    values, debugger_breakpoint = worker.get_objects(object_refs, timeout=timeout)
                                  ^^^^^^^^^^^^^^^^^^^^^^^^^^^^^^^^^^^^^^^^^^^^^^^^
  File "/data1/projects/pi-emontsp/pyenvs/gpeps/lib/python3.11/site-packages/ray/_private/worker.py", line 863, in get_objects
    raise value
ray.exceptions.WorkerCrashedError: The worker died unexpectedly while executing this task. Check python-core-worker-*.log files for more information.
srun: error: node007: task 0: Exited with exit code 1
