CUDA backend failed to initialize: jaxlib/cuda/versions_helpers.cc:99: operation cuInit(0) failed: CUDA_ERROR_NO_DEVICE.(Set TF_CPP_MIN_LOG_LEVEL=0 and rerun for more info.)
/easybuild/software/Python/3.11.3-GCCcore-12.3.0/lib/python3.11/subprocess.py:1850: RuntimeWarning: os.fork() was called. os.fork() is incompatible with multithreaded code, and JAX is multithreaded, so this will likely lead to a deadlock.
  self.pid = _fork_exec(
2024-08-08 11:08:20,903	INFO worker.py:1749 -- Started a local Ray instance.
[36m(pid=171765)[0m CUDA backend failed to initialize: jaxlib/cuda/versions_helpers.cc:99: operation cuInit(0) failed: CUDA_ERROR_NO_DEVICE.(Set TF_CPP_MIN_LOG_LEVEL=0 and rerun for more info.)
[36m(pid=171762)[0m CUDA backend failed to initialize: jaxlib/cuda/versions_helpers.cc:99: operation cuInit(0) failed: CUDA_ERROR_NO_DEVICE.(Set TF_CPP_MIN_LOG_LEVEL=0 and rerun for more info.)
[36m(pid=171767)[0m CUDA backend failed to initialize: jaxlib/cuda/versions_helpers.cc:99: operation cuInit(0) failed: CUDA_ERROR_NO_DEVICE.(Set TF_CPP_MIN_LOG_LEVEL=0 and rerun for more info.)
[36m(pid=171764)[0m CUDA backend failed to initialize: jaxlib/cuda/versions_helpers.cc:99: operation cuInit(0) failed: CUDA_ERROR_NO_DEVICE.(Set TF_CPP_MIN_LOG_LEVEL=0 and rerun for more info.)
[36m(pid=275840)[0m CUDA backend failed to initialize: jaxlib/cuda/versions_helpers.cc:99: operation cuInit(0) failed: CUDA_ERROR_NO_DEVICE.(Set TF_CPP_MIN_LOG_LEVEL=0 and rerun for more info.)
[36m(pid=302277)[0m CUDA backend failed to initialize: jaxlib/cuda/versions_helpers.cc:99: operation cuInit(0) failed: CUDA_ERROR_NO_DEVICE.(Set TF_CPP_MIN_LOG_LEVEL=0 and rerun for more info.)
[36m(pid=319204)[0m CUDA backend failed to initialize: jaxlib/cuda/versions_helpers.cc:99: operation cuInit(0) failed: CUDA_ERROR_NO_DEVICE.(Set TF_CPP_MIN_LOG_LEVEL=0 and rerun for more info.)
[36m(pid=336822)[0m CUDA backend failed to initialize: jaxlib/cuda/versions_helpers.cc:99: operation cuInit(0) failed: CUDA_ERROR_NO_DEVICE.(Set TF_CPP_MIN_LOG_LEVEL=0 and rerun for more info.)
[36m(pid=353150)[0m CUDA backend failed to initialize: jaxlib/cuda/versions_helpers.cc:99: operation cuInit(0) failed: CUDA_ERROR_NO_DEVICE.(Set TF_CPP_MIN_LOG_LEVEL=0 and rerun for more info.)
[36m(pid=353149)[0m CUDA backend failed to initialize: jaxlib/cuda/versions_helpers.cc:99: operation cuInit(0) failed: CUDA_ERROR_NO_DEVICE.(Set TF_CPP_MIN_LOG_LEVEL=0 and rerun for more info.)
[36m(pid=379241)[0m CUDA backend failed to initialize: jaxlib/cuda/versions_helpers.cc:99: operation cuInit(0) failed: CUDA_ERROR_NO_DEVICE.(Set TF_CPP_MIN_LOG_LEVEL=0 and rerun for more info.)
[36m(pid=396198)[0m CUDA backend failed to initialize: jaxlib/cuda/versions_helpers.cc:99: operation cuInit(0) failed: CUDA_ERROR_NO_DEVICE.(Set TF_CPP_MIN_LOG_LEVEL=0 and rerun for more info.)
[36m(pid=412494)[0m CUDA backend failed to initialize: jaxlib/cuda/versions_helpers.cc:99: operation cuInit(0) failed: CUDA_ERROR_NO_DEVICE.(Set TF_CPP_MIN_LOG_LEVEL=0 and rerun for more info.)
[36m(pid=412493)[0m CUDA backend failed to initialize: jaxlib/cuda/versions_helpers.cc:99: operation cuInit(0) failed: CUDA_ERROR_NO_DEVICE.(Set TF_CPP_MIN_LOG_LEVEL=0 and rerun for more info.)
[36m(pid=435777)[0m CUDA backend failed to initialize: jaxlib/cuda/versions_helpers.cc:99: operation cuInit(0) failed: CUDA_ERROR_NO_DEVICE.(Set TF_CPP_MIN_LOG_LEVEL=0 and rerun for more info.)
[36m(pid=435776)[0m CUDA backend failed to initialize: jaxlib/cuda/versions_helpers.cc:99: operation cuInit(0) failed: CUDA_ERROR_NO_DEVICE.(Set TF_CPP_MIN_LOG_LEVEL=0 and rerun for more info.)
[36m(pid=459763)[0m CUDA backend failed to initialize: jaxlib/cuda/versions_helpers.cc:99: operation cuInit(0) failed: CUDA_ERROR_NO_DEVICE.(Set TF_CPP_MIN_LOG_LEVEL=0 and rerun for more info.)
[36m(pid=459762)[0m CUDA backend failed to initialize: jaxlib/cuda/versions_helpers.cc:99: operation cuInit(0) failed: CUDA_ERROR_NO_DEVICE.(Set TF_CPP_MIN_LOG_LEVEL=0 and rerun for more info.)
[36m(pid=484036)[0m CUDA backend failed to initialize: jaxlib/cuda/versions_helpers.cc:99: operation cuInit(0) failed: CUDA_ERROR_NO_DEVICE.(Set TF_CPP_MIN_LOG_LEVEL=0 and rerun for more info.)
[36m(pid=492941)[0m CUDA backend failed to initialize: jaxlib/cuda/versions_helpers.cc:99: operation cuInit(0) failed: CUDA_ERROR_NO_DEVICE.(Set TF_CPP_MIN_LOG_LEVEL=0 and rerun for more info.)
[36m(pid=509206)[0m CUDA backend failed to initialize: jaxlib/cuda/versions_helpers.cc:99: operation cuInit(0) failed: CUDA_ERROR_NO_DEVICE.(Set TF_CPP_MIN_LOG_LEVEL=0 and rerun for more info.)
[36m(pid=517419)[0m CUDA backend failed to initialize: jaxlib/cuda/versions_helpers.cc:99: operation cuInit(0) failed: CUDA_ERROR_NO_DEVICE.(Set TF_CPP_MIN_LOG_LEVEL=0 and rerun for more info.)
[36m(pid=gcs_server)[0m E0812 09:25:59.502579809  171364 chttp2_transport.cc:2890]             keepalive_ping_end state error: 0 (expect: 1)
[36m(pid=533975)[0m CUDA backend failed to initialize: jaxlib/cuda/versions_helpers.cc:99: operation cuInit(0) failed: CUDA_ERROR_NO_DEVICE.(Set TF_CPP_MIN_LOG_LEVEL=0 and rerun for more info.)
[36m(pid=558666)[0m CUDA backend failed to initialize: jaxlib/cuda/versions_helpers.cc:99: operation cuInit(0) failed: CUDA_ERROR_NO_DEVICE.(Set TF_CPP_MIN_LOG_LEVEL=0 and rerun for more info.)
[36m(pid=558665)[0m CUDA backend failed to initialize: jaxlib/cuda/versions_helpers.cc:99: operation cuInit(0) failed: CUDA_ERROR_NO_DEVICE.(Set TF_CPP_MIN_LOG_LEVEL=0 and rerun for more info.)
[36m(pid=gcs_server)[0m E0813 02:15:05.829402957  171372 chttp2_transport.cc:2890]             keepalive_ping_end state error: 0 (expect: 1)
[36m(pid=gcs_server)[0m E0813 02:15:05.829402957  171372 chttp2_transport.cc:2890]             keepalive_ping_end state error: 0 (expect: 1)
[36m(run_mc pid=558665)[0m [2024-08-13 02:19:19,443 E 558665 558895] gcs_rpc_client.h:560: Failed to connect to GCS within 60 seconds. GCS may have been killed. It's either GCS is terminated by `ray stop` or is killed unexpectedly. If it is killed unexpectedly, see the log file gcs_server.out. https://docs.ray.io/en/master/ray-observability/user-guides/configure-logging.html#logging-directory-structure. The program will terminate.
[36m(pid=1278569)[0m CUDA backend failed to initialize: jaxlib/cuda/versions_helpers.cc:99: operation cuInit(0) failed: CUDA_ERROR_NO_DEVICE.(Set TF_CPP_MIN_LOG_LEVEL=0 and rerun for more info.)
2024-08-13 13:53:25,134	WARNING worker.py:859 -- Local object store memory usage:

(global lru) capacity: 76362779443
(global lru) used: 0%
(global lru) num objects: 0
(global lru) num evictions: 0
(global lru) bytes evicted: 0

Traceback (most recent call last):
  File "/home/akelman/data_pi-emontsp/akelman/code/gaussian-peps/manager.py", line 502, in <module>
    main(args)
  File "/home/akelman/data_pi-emontsp/akelman/code/gaussian-peps/manager.py", line 352, in main
    result = minimizer.minimize()
             ^^^^^^^^^^^^^^^^^^^^
  File "/data1/projects/pi-emontsp/akelman/code/gaussian-peps/ggpeps/minimizer.py", line 73, in minimize
    return self.minimize_scipy()
           ^^^^^^^^^^^^^^^^^^^^^
  File "/data1/projects/pi-emontsp/akelman/code/gaussian-peps/ggpeps/minimizer.py", line 178, in minimize_scipy
    min_result = minimize(energy_wrapper,
                 ^^^^^^^^^^^^^^^^^^^^^^^^
  File "/data1/projects/pi-emontsp/pyenvs/gpeps/lib/python3.11/site-packages/scipy/optimize/_minimize.py", line 708, in minimize
    res = _minimize_bfgs(fun, x0, args, jac, callback, **options)
          ^^^^^^^^^^^^^^^^^^^^^^^^^^^^^^^^^^^^^^^^^^^^^^^^^^^^^^^
  File "/data1/projects/pi-emontsp/pyenvs/gpeps/lib/python3.11/site-packages/scipy/optimize/_optimize.py", line 1398, in _minimize_bfgs
    _line_search_wolfe12(f, myfprime, xk, pk, gfk,
  File "/data1/projects/pi-emontsp/pyenvs/gpeps/lib/python3.11/site-packages/scipy/optimize/_optimize.py", line 1152, in _line_search_wolfe12
    ret = line_search_wolfe2(f, fprime, xk, pk, gfk,
          ^^^^^^^^^^^^^^^^^^^^^^^^^^^^^^^^^^^^^^^^^^
  File "/data1/projects/pi-emontsp/pyenvs/gpeps/lib/python3.11/site-packages/scipy/optimize/_linesearch.py", line 313, in line_search_wolfe2
    alpha_star, phi_star, old_fval, derphi_star = scalar_search_wolfe2(
                                                  ^^^^^^^^^^^^^^^^^^^^^
  File "/data1/projects/pi-emontsp/pyenvs/gpeps/lib/python3.11/site-packages/scipy/optimize/_linesearch.py", line 438, in scalar_search_wolfe2
    _zoom(alpha0, alpha1, phi_a0,
  File "/data1/projects/pi-emontsp/pyenvs/gpeps/lib/python3.11/site-packages/scipy/optimize/_linesearch.py", line 586, in _zoom
    phi_aj = phi(a_j)
             ^^^^^^^^
  File "/data1/projects/pi-emontsp/pyenvs/gpeps/lib/python3.11/site-packages/scipy/optimize/_linesearch.py", line 288, in phi
    return f(xk + alpha * pk, *args)
           ^^^^^^^^^^^^^^^^^^^^^^^^^
  File "/data1/projects/pi-emontsp/pyenvs/gpeps/lib/python3.11/site-packages/scipy/optimize/_differentiable_functions.py", line 278, in fun
    self._update_fun()
  File "/data1/projects/pi-emontsp/pyenvs/gpeps/lib/python3.11/site-packages/scipy/optimize/_differentiable_functions.py", line 262, in _update_fun
    self._update_fun_impl()
  File "/data1/projects/pi-emontsp/pyenvs/gpeps/lib/python3.11/site-packages/scipy/optimize/_differentiable_functions.py", line 163, in update_fun
    self.f = fun_wrapped(self.x)
             ^^^^^^^^^^^^^^^^^^^
  File "/data1/projects/pi-emontsp/pyenvs/gpeps/lib/python3.11/site-packages/scipy/optimize/_differentiable_functions.py", line 145, in fun_wrapped
    fx = fun(np.copy(x), *args)
         ^^^^^^^^^^^^^^^^^^^^^^
  File "/data1/projects/pi-emontsp/akelman/code/gaussian-peps/ggpeps/minimizer.py", line 129, in energy_wrapper
    self.last_result = self.evaluator_manager.simulate()
                       ^^^^^^^^^^^^^^^^^^^^^^^^^^^^^^^^^
  File "/data1/projects/pi-emontsp/akelman/code/gaussian-peps/ggpeps/evaluator_manager.py", line 88, in simulate
    resultvec = ray.get(resultvec)
                ^^^^^^^^^^^^^^^^^^
  File "/data1/projects/pi-emontsp/pyenvs/gpeps/lib/python3.11/site-packages/ray/_private/auto_init_hook.py", line 21, in auto_init_wrapper
    return fn(*args, **kwargs)
           ^^^^^^^^^^^^^^^^^^^
  File "/data1/projects/pi-emontsp/pyenvs/gpeps/lib/python3.11/site-packages/ray/_private/client_mode_hook.py", line 103, in wrapper
    return func(*args, **kwargs)
           ^^^^^^^^^^^^^^^^^^^^^
  File "/data1/projects/pi-emontsp/pyenvs/gpeps/lib/python3.11/site-packages/ray/_private/worker.py", line 2623, in get
    values, debugger_breakpoint = worker.get_objects(object_refs, timeout=timeout)
                                  ^^^^^^^^^^^^^^^^^^^^^^^^^^^^^^^^^^^^^^^^^^^^^^^^
  File "/data1/projects/pi-emontsp/pyenvs/gpeps/lib/python3.11/site-packages/ray/_private/worker.py", line 863, in get_objects
    raise value
ray.exceptions.ObjectFetchTimedOutError: Failed to retrieve object 878b2330f6be64f9ffffffffffffffffffffffff0100000001000000. To see information about where this ObjectRef was created in Python, set the environment variable RAY_record_ref_creation_sites=1 during `ray start` and `ray.init()`.

Fetch for object 878b2330f6be64f9ffffffffffffffffffffffff0100000001000000 timed out because no locations were found for the object. This may indicate a system-level bug.
slurmstepd: error: Detected 16 oom_kill events in StepId=2703502.0. Some of the step tasks have been OOM Killed.
srun: error: node872: task 0: Out Of Memory
