Traceback (most recent call last):
  File "/home/akelman/data_pi-emontsp/akelman/code/gaussian-peps/manager.py", line 502, in <module>
    main(args)
  File "/home/akelman/data_pi-emontsp/akelman/code/gaussian-peps/manager.py", line 175, in main
    ray.init(num_cpus=args.nrunner)
  File "/data1/projects/pi-emontsp/pyenvs/gpeps/lib/python3.11/site-packages/ray/_private/client_mode_hook.py", line 103, in wrapper
    return func(*args, **kwargs)
           ^^^^^^^^^^^^^^^^^^^^^
  File "/data1/projects/pi-emontsp/pyenvs/gpeps/lib/python3.11/site-packages/ray/_private/worker.py", line 1642, in init
    _global_node = ray._private.node.Node(
                   ^^^^^^^^^^^^^^^^^^^^^^^
  File "/data1/projects/pi-emontsp/pyenvs/gpeps/lib/python3.11/site-packages/ray/_private/node.py", line 214, in __init__
    ray._private.services.write_node_ip_address(
  File "/data1/projects/pi-emontsp/pyenvs/gpeps/lib/python3.11/site-packages/ray/_private/services.py", line 774, in write_node_ip_address
    with file_path.open(mode="w") as f:
         ^^^^^^^^^^^^^^^^^^^^^^^^
  File "/easybuild/software/Python/3.11.3-GCCcore-12.3.0/lib/python3.11/pathlib.py", line 1044, in open
    return io.open(self, mode, buffering, encoding, errors, newline)
           ^^^^^^^^^^^^^^^^^^^^^^^^^^^^^^^^^^^^^^^^^^^^^^^^^^^^^^^^^
OSError: [Errno 5] Input/output error: '/scratchdata/akelman/2703519/ray/session_2024-08-08_11-08-06_607036_2240313/node_ip_address.json'
srun: error: node014: task 0: Exited with exit code 1
