CUDA backend failed to initialize: jaxlib/cuda/versions_helpers.cc:99: operation cuInit(0) failed: CUDA_ERROR_NO_DEVICE.(Set TF_CPP_MIN_LOG_LEVEL=0 and rerun for more info.)
/easybuild/software/Python/3.11.3-GCCcore-12.3.0/lib/python3.11/subprocess.py:1850: RuntimeWarning: os.fork() was called. os.fork() is incompatible with multithreaded code, and JAX is multithreaded, so this will likely lead to a deadlock.
  self.pid = _fork_exec(
2024-08-08 11:08:20,904	INFO worker.py:1749 -- Started a local Ray instance.
[36m(pid=3986359)[0m CUDA backend failed to initialize: jaxlib/cuda/versions_helpers.cc:99: operation cuInit(0) failed: CUDA_ERROR_NO_DEVICE.(Set TF_CPP_MIN_LOG_LEVEL=0 and rerun for more info.)
[36m(pid=3986360)[0m CUDA backend failed to initialize: jaxlib/cuda/versions_helpers.cc:99: operation cuInit(0) failed: CUDA_ERROR_NO_DEVICE.(Set TF_CPP_MIN_LOG_LEVEL=0 and rerun for more info.)
[36m(pid=3986361)[0m CUDA backend failed to initialize: jaxlib/cuda/versions_helpers.cc:99: operation cuInit(0) failed: CUDA_ERROR_NO_DEVICE.(Set TF_CPP_MIN_LOG_LEVEL=0 and rerun for more info.)
[36m(pid=3986362)[0m CUDA backend failed to initialize: jaxlib/cuda/versions_helpers.cc:99: operation cuInit(0) failed: CUDA_ERROR_NO_DEVICE.(Set TF_CPP_MIN_LOG_LEVEL=0 and rerun for more info.)
[36m(pid=4040458)[0m CUDA backend failed to initialize: jaxlib/cuda/versions_helpers.cc:99: operation cuInit(0) failed: CUDA_ERROR_NO_DEVICE.(Set TF_CPP_MIN_LOG_LEVEL=0 and rerun for more info.)
[36m(pid=4072739)[0m CUDA backend failed to initialize: jaxlib/cuda/versions_helpers.cc:99: operation cuInit(0) failed: CUDA_ERROR_NO_DEVICE.(Set TF_CPP_MIN_LOG_LEVEL=0 and rerun for more info.)
[36m(pid=4073744)[0m CUDA backend failed to initialize: jaxlib/cuda/versions_helpers.cc:99: operation cuInit(0) failed: CUDA_ERROR_NO_DEVICE.(Set TF_CPP_MIN_LOG_LEVEL=0 and rerun for more info.)
[36m(pid=4098267)[0m CUDA backend failed to initialize: jaxlib/cuda/versions_helpers.cc:99: operation cuInit(0) failed: CUDA_ERROR_NO_DEVICE.(Set TF_CPP_MIN_LOG_LEVEL=0 and rerun for more info.)
[36m(pid=4101498)[0m CUDA backend failed to initialize: jaxlib/cuda/versions_helpers.cc:99: operation cuInit(0) failed: CUDA_ERROR_NO_DEVICE.(Set TF_CPP_MIN_LOG_LEVEL=0 and rerun for more info.)
[36m(pid=4128591)[0m CUDA backend failed to initialize: jaxlib/cuda/versions_helpers.cc:99: operation cuInit(0) failed: CUDA_ERROR_NO_DEVICE.(Set TF_CPP_MIN_LOG_LEVEL=0 and rerun for more info.)
[36m(pid=4155128)[0m CUDA backend failed to initialize: jaxlib/cuda/versions_helpers.cc:99: operation cuInit(0) failed: CUDA_ERROR_NO_DEVICE.(Set TF_CPP_MIN_LOG_LEVEL=0 and rerun for more info.)
[36m(pid=4157167)[0m CUDA backend failed to initialize: jaxlib/cuda/versions_helpers.cc:99: operation cuInit(0) failed: CUDA_ERROR_NO_DEVICE.(Set TF_CPP_MIN_LOG_LEVEL=0 and rerun for more info.)
[36m(pid=4183867)[0m CUDA backend failed to initialize: jaxlib/cuda/versions_helpers.cc:99: operation cuInit(0) failed: CUDA_ERROR_NO_DEVICE.(Set TF_CPP_MIN_LOG_LEVEL=0 and rerun for more info.)
[36m(pid=8554)[0m CUDA backend failed to initialize: jaxlib/cuda/versions_helpers.cc:99: operation cuInit(0) failed: CUDA_ERROR_NO_DEVICE.(Set TF_CPP_MIN_LOG_LEVEL=0 and rerun for more info.)
[36m(pid=8553)[0m CUDA backend failed to initialize: jaxlib/cuda/versions_helpers.cc:99: operation cuInit(0) failed: CUDA_ERROR_NO_DEVICE.(Set TF_CPP_MIN_LOG_LEVEL=0 and rerun for more info.)
[36m(pid=36030)[0m CUDA backend failed to initialize: jaxlib/cuda/versions_helpers.cc:99: operation cuInit(0) failed: CUDA_ERROR_NO_DEVICE.(Set TF_CPP_MIN_LOG_LEVEL=0 and rerun for more info.)
[36m(pid=36029)[0m CUDA backend failed to initialize: jaxlib/cuda/versions_helpers.cc:99: operation cuInit(0) failed: CUDA_ERROR_NO_DEVICE.(Set TF_CPP_MIN_LOG_LEVEL=0 and rerun for more info.)
[36m(pid=64877)[0m CUDA backend failed to initialize: jaxlib/cuda/versions_helpers.cc:99: operation cuInit(0) failed: CUDA_ERROR_NO_DEVICE.(Set TF_CPP_MIN_LOG_LEVEL=0 and rerun for more info.)
[36m(pid=74841)[0m CUDA backend failed to initialize: jaxlib/cuda/versions_helpers.cc:99: operation cuInit(0) failed: CUDA_ERROR_NO_DEVICE.(Set TF_CPP_MIN_LOG_LEVEL=0 and rerun for more info.)
[36m(pid=93777)[0m CUDA backend failed to initialize: jaxlib/cuda/versions_helpers.cc:99: operation cuInit(0) failed: CUDA_ERROR_NO_DEVICE.(Set TF_CPP_MIN_LOG_LEVEL=0 and rerun for more info.)
[36m(pid=103785)[0m CUDA backend failed to initialize: jaxlib/cuda/versions_helpers.cc:99: operation cuInit(0) failed: CUDA_ERROR_NO_DEVICE.(Set TF_CPP_MIN_LOG_LEVEL=0 and rerun for more info.)
[36m(pid=122943)[0m CUDA backend failed to initialize: jaxlib/cuda/versions_helpers.cc:99: operation cuInit(0) failed: CUDA_ERROR_NO_DEVICE.(Set TF_CPP_MIN_LOG_LEVEL=0 and rerun for more info.)
[36m(pid=132905)[0m CUDA backend failed to initialize: jaxlib/cuda/versions_helpers.cc:99: operation cuInit(0) failed: CUDA_ERROR_NO_DEVICE.(Set TF_CPP_MIN_LOG_LEVEL=0 and rerun for more info.)
[36m(pid=153885)[0m CUDA backend failed to initialize: jaxlib/cuda/versions_helpers.cc:99: operation cuInit(0) failed: CUDA_ERROR_NO_DEVICE.(Set TF_CPP_MIN_LOG_LEVEL=0 and rerun for more info.)
[36m(pid=164429)[0m CUDA backend failed to initialize: jaxlib/cuda/versions_helpers.cc:99: operation cuInit(0) failed: CUDA_ERROR_NO_DEVICE.(Set TF_CPP_MIN_LOG_LEVEL=0 and rerun for more info.)
[36m(pid=184566)[0m CUDA backend failed to initialize: jaxlib/cuda/versions_helpers.cc:99: operation cuInit(0) failed: CUDA_ERROR_NO_DEVICE.(Set TF_CPP_MIN_LOG_LEVEL=0 and rerun for more info.)
[36m(pid=214845)[0m CUDA backend failed to initialize: jaxlib/cuda/versions_helpers.cc:99: operation cuInit(0) failed: CUDA_ERROR_NO_DEVICE.(Set TF_CPP_MIN_LOG_LEVEL=0 and rerun for more info.)
[36m(pid=225022)[0m CUDA backend failed to initialize: jaxlib/cuda/versions_helpers.cc:99: operation cuInit(0) failed: CUDA_ERROR_NO_DEVICE.(Set TF_CPP_MIN_LOG_LEVEL=0 and rerun for more info.)
[36m(pid=244586)[0m CUDA backend failed to initialize: jaxlib/cuda/versions_helpers.cc:99: operation cuInit(0) failed: CUDA_ERROR_NO_DEVICE.(Set TF_CPP_MIN_LOG_LEVEL=0 and rerun for more info.)
[36m(pid=271609)[0m CUDA backend failed to initialize: jaxlib/cuda/versions_helpers.cc:99: operation cuInit(0) failed: CUDA_ERROR_NO_DEVICE.(Set TF_CPP_MIN_LOG_LEVEL=0 and rerun for more info.)
[36m(pid=505912)[0m CUDA backend failed to initialize: jaxlib/cuda/versions_helpers.cc:99: operation cuInit(0) failed: CUDA_ERROR_NO_DEVICE.(Set TF_CPP_MIN_LOG_LEVEL=0 and rerun for more info.)
[36m(pid=505911)[0m CUDA backend failed to initialize: jaxlib/cuda/versions_helpers.cc:99: operation cuInit(0) failed: CUDA_ERROR_NO_DEVICE.(Set TF_CPP_MIN_LOG_LEVEL=0 and rerun for more info.)
[36m(pid=2140888)[0m CUDA backend failed to initialize: jaxlib/cuda/versions_helpers.cc:99: operation cuInit(0) failed: CUDA_ERROR_NO_DEVICE.(Set TF_CPP_MIN_LOG_LEVEL=0 and rerun for more info.)
[36m(pid=2152069)[0m CUDA backend failed to initialize: jaxlib/cuda/versions_helpers.cc:99: operation cuInit(0) failed: CUDA_ERROR_NO_DEVICE.(Set TF_CPP_MIN_LOG_LEVEL=0 and rerun for more info.)
[36m(pid=2169241)[0m CUDA backend failed to initialize: jaxlib/cuda/versions_helpers.cc:99: operation cuInit(0) failed: CUDA_ERROR_NO_DEVICE.(Set TF_CPP_MIN_LOG_LEVEL=0 and rerun for more info.)
[36m(pid=2185121)[0m CUDA backend failed to initialize: jaxlib/cuda/versions_helpers.cc:99: operation cuInit(0) failed: CUDA_ERROR_NO_DEVICE.(Set TF_CPP_MIN_LOG_LEVEL=0 and rerun for more info.)
[36m(pid=2206211)[0m CUDA backend failed to initialize: jaxlib/cuda/versions_helpers.cc:99: operation cuInit(0) failed: CUDA_ERROR_NO_DEVICE.(Set TF_CPP_MIN_LOG_LEVEL=0 and rerun for more info.)
[36m(pid=2236119)[0m CUDA backend failed to initialize: jaxlib/cuda/versions_helpers.cc:99: operation cuInit(0) failed: CUDA_ERROR_NO_DEVICE.(Set TF_CPP_MIN_LOG_LEVEL=0 and rerun for more info.)
[36m(pid=2236118)[0m CUDA backend failed to initialize: jaxlib/cuda/versions_helpers.cc:99: operation cuInit(0) failed: CUDA_ERROR_NO_DEVICE.(Set TF_CPP_MIN_LOG_LEVEL=0 and rerun for more info.)
[36m(pid=2266076)[0m CUDA backend failed to initialize: jaxlib/cuda/versions_helpers.cc:99: operation cuInit(0) failed: CUDA_ERROR_NO_DEVICE.(Set TF_CPP_MIN_LOG_LEVEL=0 and rerun for more info.)
[36m(pid=2276568)[0m CUDA backend failed to initialize: jaxlib/cuda/versions_helpers.cc:99: operation cuInit(0) failed: CUDA_ERROR_NO_DEVICE.(Set TF_CPP_MIN_LOG_LEVEL=0 and rerun for more info.)
[36m(pid=2296656)[0m CUDA backend failed to initialize: jaxlib/cuda/versions_helpers.cc:99: operation cuInit(0) failed: CUDA_ERROR_NO_DEVICE.(Set TF_CPP_MIN_LOG_LEVEL=0 and rerun for more info.)
[36m(pid=2296655)[0m CUDA backend failed to initialize: jaxlib/cuda/versions_helpers.cc:99: operation cuInit(0) failed: CUDA_ERROR_NO_DEVICE.(Set TF_CPP_MIN_LOG_LEVEL=0 and rerun for more info.)
[36m(pid=2326677)[0m CUDA backend failed to initialize: jaxlib/cuda/versions_helpers.cc:99: operation cuInit(0) failed: CUDA_ERROR_NO_DEVICE.(Set TF_CPP_MIN_LOG_LEVEL=0 and rerun for more info.)
[36m(pid=2336802)[0m CUDA backend failed to initialize: jaxlib/cuda/versions_helpers.cc:99: operation cuInit(0) failed: CUDA_ERROR_NO_DEVICE.(Set TF_CPP_MIN_LOG_LEVEL=0 and rerun for more info.)
[36m(pid=2356334)[0m CUDA backend failed to initialize: jaxlib/cuda/versions_helpers.cc:99: operation cuInit(0) failed: CUDA_ERROR_NO_DEVICE.(Set TF_CPP_MIN_LOG_LEVEL=0 and rerun for more info.)
[36m(pid=2366303)[0m CUDA backend failed to initialize: jaxlib/cuda/versions_helpers.cc:99: operation cuInit(0) failed: CUDA_ERROR_NO_DEVICE.(Set TF_CPP_MIN_LOG_LEVEL=0 and rerun for more info.)
slurmstepd: error: Detected 38 oom_kill events in StepId=2703497.0. Some of the step tasks have been OOM Killed.
srun: error: node874: task 0: Out Of Memory
