CUDA backend failed to initialize: jaxlib/cuda/versions_helpers.cc:99: operation cuInit(0) failed: CUDA_ERROR_NO_DEVICE.(Set TF_CPP_MIN_LOG_LEVEL=0 and rerun for more info.)
/easybuild/software/Python/3.11.3-GCCcore-12.3.0/lib/python3.11/subprocess.py:1850: RuntimeWarning: os.fork() was called. os.fork() is incompatible with multithreaded code, and JAX is multithreaded, so this will likely lead to a deadlock.
  self.pid = _fork_exec(
2024-08-16 20:35:15,508	INFO worker.py:1749 -- Started a local Ray instance.
[36m(pid=978194)[0m CUDA backend failed to initialize: jaxlib/cuda/versions_helpers.cc:99: operation cuInit(0) failed: CUDA_ERROR_NO_DEVICE.(Set TF_CPP_MIN_LOG_LEVEL=0 and rerun for more info.)
[36m(pid=978193)[0m CUDA backend failed to initialize: jaxlib/cuda/versions_helpers.cc:99: operation cuInit(0) failed: CUDA_ERROR_NO_DEVICE.(Set TF_CPP_MIN_LOG_LEVEL=0 and rerun for more info.)
[36m(pid=978192)[0m CUDA backend failed to initialize: jaxlib/cuda/versions_helpers.cc:99: operation cuInit(0) failed: CUDA_ERROR_NO_DEVICE.(Set TF_CPP_MIN_LOG_LEVEL=0 and rerun for more info.)
[36m(pid=978191)[0m CUDA backend failed to initialize: jaxlib/cuda/versions_helpers.cc:99: operation cuInit(0) failed: CUDA_ERROR_NO_DEVICE.(Set TF_CPP_MIN_LOG_LEVEL=0 and rerun for more info.)
[36m(pid=gcs_server)[0m E0817 06:06:25.327525074  978005 chttp2_transport.cc:2890]             keepalive_ping_end state error: 0 (expect: 1)
[36m(pid=gcs_server)[0m E0817 06:06:55.319798722  978012 chttp2_transport.cc:2890]             keepalive_ping_end state error: 0 (expect: 1)
[36m(pid=gcs_server)[0m E0817 06:08:10.474213847  978006 chttp2_transport.cc:2890]             keepalive_ping_end state error: 0 (expect: 1)
[36m(pid=gcs_server)[0m E0817 06:10:50.346642845 1106944 chttp2_transport.cc:2890]             keepalive_ping_end state error: 0 (expect: 1)
[36m(pid=1107223)[0m CUDA backend failed to initialize: jaxlib/cuda/versions_helpers.cc:99: operation cuInit(0) failed: CUDA_ERROR_NO_DEVICE.(Set TF_CPP_MIN_LOG_LEVEL=0 and rerun for more info.)
[36m(pid=1108381)[0m CUDA backend failed to initialize: jaxlib/cuda/versions_helpers.cc:99: operation cuInit(0) failed: CUDA_ERROR_NO_DEVICE.(Set TF_CPP_MIN_LOG_LEVEL=0 and rerun for more info.)
[36m(run_mc pid=978192)[0m [2024-08-17 11:14:49,897 E 978192 978414] gcs_rpc_client.h:560: Failed to connect to GCS within 60 seconds. GCS may have been killed. It's either GCS is terminated by `ray stop` or is killed unexpectedly. If it is killed unexpectedly, see the log file gcs_server.out. https://docs.ray.io/en/master/ray-observability/user-guides/configure-logging.html#logging-directory-structure. The program will terminate.
[36m(pid=1122239)[0m CUDA backend failed to initialize: jaxlib/cuda/versions_helpers.cc:99: operation cuInit(0) failed: CUDA_ERROR_NO_DEVICE.(Set TF_CPP_MIN_LOG_LEVEL=0 and rerun for more info.)
[36m(pid=1136530)[0m CUDA backend failed to initialize: jaxlib/cuda/versions_helpers.cc:99: operation cuInit(0) failed: CUDA_ERROR_NO_DEVICE.(Set TF_CPP_MIN_LOG_LEVEL=0 and rerun for more info.)
[2024-08-17 20:55:08,457 E 977884 978468] gcs_rpc_client.h:560: Failed to connect to GCS within 60 seconds. GCS may have been killed. It's either GCS is terminated by `ray stop` or is killed unexpectedly. If it is killed unexpectedly, see the log file gcs_server.out. https://docs.ray.io/en/master/ray-observability/user-guides/configure-logging.html#logging-directory-structure. The program will terminate.
slurmstepd: error: Detected 3 oom_kill events in StepId=2719326.0. Some of the step tasks have been OOM Killed.
srun: error: node876: task 0: Out Of Memory
