CUDA backend failed to initialize: jaxlib/cuda/versions_helpers.cc:99: operation cuInit(0) failed: CUDA_ERROR_NO_DEVICE.(Set TF_CPP_MIN_LOG_LEVEL=0 and rerun for more info.)
/easybuild/software/Python/3.11.3-GCCcore-12.3.0/lib/python3.11/subprocess.py:1850: RuntimeWarning: os.fork() was called. os.fork() is incompatible with multithreaded code, and JAX is multithreaded, so this will likely lead to a deadlock.
  self.pid = _fork_exec(
2024-08-08 11:08:20,904	INFO worker.py:1749 -- Started a local Ray instance.
[36m(pid=3986388)[0m CUDA backend failed to initialize: jaxlib/cuda/versions_helpers.cc:99: operation cuInit(0) failed: CUDA_ERROR_NO_DEVICE.(Set TF_CPP_MIN_LOG_LEVEL=0 and rerun for more info.)
[36m(pid=3986389)[0m CUDA backend failed to initialize: jaxlib/cuda/versions_helpers.cc:99: operation cuInit(0) failed: CUDA_ERROR_NO_DEVICE.(Set TF_CPP_MIN_LOG_LEVEL=0 and rerun for more info.)
[36m(pid=3986387)[0m CUDA backend failed to initialize: jaxlib/cuda/versions_helpers.cc:99: operation cuInit(0) failed: CUDA_ERROR_NO_DEVICE.(Set TF_CPP_MIN_LOG_LEVEL=0 and rerun for more info.)
[36m(pid=3986390)[0m CUDA backend failed to initialize: jaxlib/cuda/versions_helpers.cc:99: operation cuInit(0) failed: CUDA_ERROR_NO_DEVICE.(Set TF_CPP_MIN_LOG_LEVEL=0 and rerun for more info.)
[36m(pid=4045240)[0m CUDA backend failed to initialize: jaxlib/cuda/versions_helpers.cc:99: operation cuInit(0) failed: CUDA_ERROR_NO_DEVICE.(Set TF_CPP_MIN_LOG_LEVEL=0 and rerun for more info.)
[36m(pid=4076763)[0m CUDA backend failed to initialize: jaxlib/cuda/versions_helpers.cc:99: operation cuInit(0) failed: CUDA_ERROR_NO_DEVICE.(Set TF_CPP_MIN_LOG_LEVEL=0 and rerun for more info.)
[36m(pid=4079800)[0m CUDA backend failed to initialize: jaxlib/cuda/versions_helpers.cc:99: operation cuInit(0) failed: CUDA_ERROR_NO_DEVICE.(Set TF_CPP_MIN_LOG_LEVEL=0 and rerun for more info.)
[36m(pid=4102697)[0m CUDA backend failed to initialize: jaxlib/cuda/versions_helpers.cc:99: operation cuInit(0) failed: CUDA_ERROR_NO_DEVICE.(Set TF_CPP_MIN_LOG_LEVEL=0 and rerun for more info.)
[36m(pid=4134363)[0m CUDA backend failed to initialize: jaxlib/cuda/versions_helpers.cc:99: operation cuInit(0) failed: CUDA_ERROR_NO_DEVICE.(Set TF_CPP_MIN_LOG_LEVEL=0 and rerun for more info.)
[36m(pid=4134910)[0m CUDA backend failed to initialize: jaxlib/cuda/versions_helpers.cc:99: operation cuInit(0) failed: CUDA_ERROR_NO_DEVICE.(Set TF_CPP_MIN_LOG_LEVEL=0 and rerun for more info.)
[36m(pid=4169612)[0m CUDA backend failed to initialize: jaxlib/cuda/versions_helpers.cc:99: operation cuInit(0) failed: CUDA_ERROR_NO_DEVICE.(Set TF_CPP_MIN_LOG_LEVEL=0 and rerun for more info.)
[36m(pid=3046)[0m CUDA backend failed to initialize: jaxlib/cuda/versions_helpers.cc:99: operation cuInit(0) failed: CUDA_ERROR_NO_DEVICE.(Set TF_CPP_MIN_LOG_LEVEL=0 and rerun for more info.)
[36m(pid=31568)[0m CUDA backend failed to initialize: jaxlib/cuda/versions_helpers.cc:99: operation cuInit(0) failed: CUDA_ERROR_NO_DEVICE.(Set TF_CPP_MIN_LOG_LEVEL=0 and rerun for more info.)
[36m(pid=50332)[0m CUDA backend failed to initialize: jaxlib/cuda/versions_helpers.cc:99: operation cuInit(0) failed: CUDA_ERROR_NO_DEVICE.(Set TF_CPP_MIN_LOG_LEVEL=0 and rerun for more info.)
[36m(pid=50331)[0m CUDA backend failed to initialize: jaxlib/cuda/versions_helpers.cc:99: operation cuInit(0) failed: CUDA_ERROR_NO_DEVICE.(Set TF_CPP_MIN_LOG_LEVEL=0 and rerun for more info.)
[36m(pid=79697)[0m CUDA backend failed to initialize: jaxlib/cuda/versions_helpers.cc:99: operation cuInit(0) failed: CUDA_ERROR_NO_DEVICE.(Set TF_CPP_MIN_LOG_LEVEL=0 and rerun for more info.)
[36m(pid=79696)[0m CUDA backend failed to initialize: jaxlib/cuda/versions_helpers.cc:99: operation cuInit(0) failed: CUDA_ERROR_NO_DEVICE.(Set TF_CPP_MIN_LOG_LEVEL=0 and rerun for more info.)
[36m(pid=108900)[0m CUDA backend failed to initialize: jaxlib/cuda/versions_helpers.cc:99: operation cuInit(0) failed: CUDA_ERROR_NO_DEVICE.(Set TF_CPP_MIN_LOG_LEVEL=0 and rerun for more info.)
[36m(pid=118885)[0m CUDA backend failed to initialize: jaxlib/cuda/versions_helpers.cc:99: operation cuInit(0) failed: CUDA_ERROR_NO_DEVICE.(Set TF_CPP_MIN_LOG_LEVEL=0 and rerun for more info.)
[36m(pid=138587)[0m CUDA backend failed to initialize: jaxlib/cuda/versions_helpers.cc:99: operation cuInit(0) failed: CUDA_ERROR_NO_DEVICE.(Set TF_CPP_MIN_LOG_LEVEL=0 and rerun for more info.)
[36m(pid=149870)[0m CUDA backend failed to initialize: jaxlib/cuda/versions_helpers.cc:99: operation cuInit(0) failed: CUDA_ERROR_NO_DEVICE.(Set TF_CPP_MIN_LOG_LEVEL=0 and rerun for more info.)
[36m(pid=170186)[0m CUDA backend failed to initialize: jaxlib/cuda/versions_helpers.cc:99: operation cuInit(0) failed: CUDA_ERROR_NO_DEVICE.(Set TF_CPP_MIN_LOG_LEVEL=0 and rerun for more info.)
[36m(pid=170185)[0m CUDA backend failed to initialize: jaxlib/cuda/versions_helpers.cc:99: operation cuInit(0) failed: CUDA_ERROR_NO_DEVICE.(Set TF_CPP_MIN_LOG_LEVEL=0 and rerun for more info.)
[36m(pid=200756)[0m CUDA backend failed to initialize: jaxlib/cuda/versions_helpers.cc:99: operation cuInit(0) failed: CUDA_ERROR_NO_DEVICE.(Set TF_CPP_MIN_LOG_LEVEL=0 and rerun for more info.)
[36m(pid=211366)[0m CUDA backend failed to initialize: jaxlib/cuda/versions_helpers.cc:99: operation cuInit(0) failed: CUDA_ERROR_NO_DEVICE.(Set TF_CPP_MIN_LOG_LEVEL=0 and rerun for more info.)
[36m(pid=231295)[0m CUDA backend failed to initialize: jaxlib/cuda/versions_helpers.cc:99: operation cuInit(0) failed: CUDA_ERROR_NO_DEVICE.(Set TF_CPP_MIN_LOG_LEVEL=0 and rerun for more info.)
[36m(pid=241823)[0m CUDA backend failed to initialize: jaxlib/cuda/versions_helpers.cc:99: operation cuInit(0) failed: CUDA_ERROR_NO_DEVICE.(Set TF_CPP_MIN_LOG_LEVEL=0 and rerun for more info.)
[36m(pid=286620)[0m CUDA backend failed to initialize: jaxlib/cuda/versions_helpers.cc:99: operation cuInit(0) failed: CUDA_ERROR_NO_DEVICE.(Set TF_CPP_MIN_LOG_LEVEL=0 and rerun for more info.)
[36m(pid=734002)[0m CUDA backend failed to initialize: jaxlib/cuda/versions_helpers.cc:99: operation cuInit(0) failed: CUDA_ERROR_NO_DEVICE.(Set TF_CPP_MIN_LOG_LEVEL=0 and rerun for more info.)
[36m(pid=2132961)[0m CUDA backend failed to initialize: jaxlib/cuda/versions_helpers.cc:99: operation cuInit(0) failed: CUDA_ERROR_NO_DEVICE.(Set TF_CPP_MIN_LOG_LEVEL=0 and rerun for more info.)
[36m(pid=2132960)[0m CUDA backend failed to initialize: jaxlib/cuda/versions_helpers.cc:99: operation cuInit(0) failed: CUDA_ERROR_NO_DEVICE.(Set TF_CPP_MIN_LOG_LEVEL=0 and rerun for more info.)
[36m(pid=2162703)[0m CUDA backend failed to initialize: jaxlib/cuda/versions_helpers.cc:99: operation cuInit(0) failed: CUDA_ERROR_NO_DEVICE.(Set TF_CPP_MIN_LOG_LEVEL=0 and rerun for more info.)
[36m(pid=2173815)[0m CUDA backend failed to initialize: jaxlib/cuda/versions_helpers.cc:99: operation cuInit(0) failed: CUDA_ERROR_NO_DEVICE.(Set TF_CPP_MIN_LOG_LEVEL=0 and rerun for more info.)
[36m(pid=2197368)[0m CUDA backend failed to initialize: jaxlib/cuda/versions_helpers.cc:99: operation cuInit(0) failed: CUDA_ERROR_NO_DEVICE.(Set TF_CPP_MIN_LOG_LEVEL=0 and rerun for more info.)
[36m(pid=2207922)[0m CUDA backend failed to initialize: jaxlib/cuda/versions_helpers.cc:99: operation cuInit(0) failed: CUDA_ERROR_NO_DEVICE.(Set TF_CPP_MIN_LOG_LEVEL=0 and rerun for more info.)
[36m(pid=2226168)[0m CUDA backend failed to initialize: jaxlib/cuda/versions_helpers.cc:99: operation cuInit(0) failed: CUDA_ERROR_NO_DEVICE.(Set TF_CPP_MIN_LOG_LEVEL=0 and rerun for more info.)
[36m(pid=2236517)[0m CUDA backend failed to initialize: jaxlib/cuda/versions_helpers.cc:99: operation cuInit(0) failed: CUDA_ERROR_NO_DEVICE.(Set TF_CPP_MIN_LOG_LEVEL=0 and rerun for more info.)
[36m(pid=2255176)[0m CUDA backend failed to initialize: jaxlib/cuda/versions_helpers.cc:99: operation cuInit(0) failed: CUDA_ERROR_NO_DEVICE.(Set TF_CPP_MIN_LOG_LEVEL=0 and rerun for more info.)
[36m(pid=2264995)[0m CUDA backend failed to initialize: jaxlib/cuda/versions_helpers.cc:99: operation cuInit(0) failed: CUDA_ERROR_NO_DEVICE.(Set TF_CPP_MIN_LOG_LEVEL=0 and rerun for more info.)
[36m(pid=2285265)[0m CUDA backend failed to initialize: jaxlib/cuda/versions_helpers.cc:99: operation cuInit(0) failed: CUDA_ERROR_NO_DEVICE.(Set TF_CPP_MIN_LOG_LEVEL=0 and rerun for more info.)
[36m(pid=2285264)[0m CUDA backend failed to initialize: jaxlib/cuda/versions_helpers.cc:99: operation cuInit(0) failed: CUDA_ERROR_NO_DEVICE.(Set TF_CPP_MIN_LOG_LEVEL=0 and rerun for more info.)
[36m(pid=2315412)[0m CUDA backend failed to initialize: jaxlib/cuda/versions_helpers.cc:99: operation cuInit(0) failed: CUDA_ERROR_NO_DEVICE.(Set TF_CPP_MIN_LOG_LEVEL=0 and rerun for more info.)
[36m(pid=2315411)[0m CUDA backend failed to initialize: jaxlib/cuda/versions_helpers.cc:99: operation cuInit(0) failed: CUDA_ERROR_NO_DEVICE.(Set TF_CPP_MIN_LOG_LEVEL=0 and rerun for more info.)
[36m(pid=2345071)[0m CUDA backend failed to initialize: jaxlib/cuda/versions_helpers.cc:99: operation cuInit(0) failed: CUDA_ERROR_NO_DEVICE.(Set TF_CPP_MIN_LOG_LEVEL=0 and rerun for more info.)
[36m(pid=2345070)[0m CUDA backend failed to initialize: jaxlib/cuda/versions_helpers.cc:99: operation cuInit(0) failed: CUDA_ERROR_NO_DEVICE.(Set TF_CPP_MIN_LOG_LEVEL=0 and rerun for more info.)
[36m(pid=2374330)[0m CUDA backend failed to initialize: jaxlib/cuda/versions_helpers.cc:99: operation cuInit(0) failed: CUDA_ERROR_NO_DEVICE.(Set TF_CPP_MIN_LOG_LEVEL=0 and rerun for more info.)
slurmstepd: error: Detected 35 oom_kill events in StepId=2703496.0. Some of the step tasks have been OOM Killed.
srun: error: node874: task 0: Out Of Memory
