CUDA backend failed to initialize: jaxlib/cuda/versions_helpers.cc:99: operation cuInit(0) failed: CUDA_ERROR_NO_DEVICE.(Set TF_CPP_MIN_LOG_LEVEL=0 and rerun for more info.)
/easybuild/software/Python/3.11.3-GCCcore-12.3.0/lib/python3.11/subprocess.py:1850: RuntimeWarning: os.fork() was called. os.fork() is incompatible with multithreaded code, and JAX is multithreaded, so this will likely lead to a deadlock.
  self.pid = _fork_exec(
2024-08-16 20:35:14,542	INFO worker.py:1749 -- Started a local Ray instance.
[36m(pid=2507898)[0m CUDA backend failed to initialize: jaxlib/cuda/versions_helpers.cc:99: operation cuInit(0) failed: CUDA_ERROR_NO_DEVICE.(Set TF_CPP_MIN_LOG_LEVEL=0 and rerun for more info.)
[36m(pid=2507897)[0m CUDA backend failed to initialize: jaxlib/cuda/versions_helpers.cc:99: operation cuInit(0) failed: CUDA_ERROR_NO_DEVICE.(Set TF_CPP_MIN_LOG_LEVEL=0 and rerun for more info.)
[36m(pid=2507899)[0m CUDA backend failed to initialize: jaxlib/cuda/versions_helpers.cc:99: operation cuInit(0) failed: CUDA_ERROR_NO_DEVICE.(Set TF_CPP_MIN_LOG_LEVEL=0 and rerun for more info.)
[36m(pid=2507896)[0m CUDA backend failed to initialize: jaxlib/cuda/versions_helpers.cc:99: operation cuInit(0) failed: CUDA_ERROR_NO_DEVICE.(Set TF_CPP_MIN_LOG_LEVEL=0 and rerun for more info.)
[36m(pid=2553117)[0m CUDA backend failed to initialize: jaxlib/cuda/versions_helpers.cc:99: operation cuInit(0) failed: CUDA_ERROR_NO_DEVICE.(Set TF_CPP_MIN_LOG_LEVEL=0 and rerun for more info.)
[36m(pid=2574571)[0m CUDA backend failed to initialize: jaxlib/cuda/versions_helpers.cc:99: operation cuInit(0) failed: CUDA_ERROR_NO_DEVICE.(Set TF_CPP_MIN_LOG_LEVEL=0 and rerun for more info.)
[36m(pid=2596086)[0m CUDA backend failed to initialize: jaxlib/cuda/versions_helpers.cc:99: operation cuInit(0) failed: CUDA_ERROR_NO_DEVICE.(Set TF_CPP_MIN_LOG_LEVEL=0 and rerun for more info.)
[36m(pid=2616390)[0m CUDA backend failed to initialize: jaxlib/cuda/versions_helpers.cc:99: operation cuInit(0) failed: CUDA_ERROR_NO_DEVICE.(Set TF_CPP_MIN_LOG_LEVEL=0 and rerun for more info.)
[36m(pid=2617478)[0m CUDA backend failed to initialize: jaxlib/cuda/versions_helpers.cc:99: operation cuInit(0) failed: CUDA_ERROR_NO_DEVICE.(Set TF_CPP_MIN_LOG_LEVEL=0 and rerun for more info.)
[36m(pid=2637972)[0m CUDA backend failed to initialize: jaxlib/cuda/versions_helpers.cc:99: operation cuInit(0) failed: CUDA_ERROR_NO_DEVICE.(Set TF_CPP_MIN_LOG_LEVEL=0 and rerun for more info.)
[36m(pid=2640219)[0m CUDA backend failed to initialize: jaxlib/cuda/versions_helpers.cc:99: operation cuInit(0) failed: CUDA_ERROR_NO_DEVICE.(Set TF_CPP_MIN_LOG_LEVEL=0 and rerun for more info.)
[36m(pid=2660239)[0m CUDA backend failed to initialize: jaxlib/cuda/versions_helpers.cc:99: operation cuInit(0) failed: CUDA_ERROR_NO_DEVICE.(Set TF_CPP_MIN_LOG_LEVEL=0 and rerun for more info.)
[36m(pid=2661985)[0m CUDA backend failed to initialize: jaxlib/cuda/versions_helpers.cc:99: operation cuInit(0) failed: CUDA_ERROR_NO_DEVICE.(Set TF_CPP_MIN_LOG_LEVEL=0 and rerun for more info.)
[36m(pid=2690923)[0m CUDA backend failed to initialize: jaxlib/cuda/versions_helpers.cc:99: operation cuInit(0) failed: CUDA_ERROR_NO_DEVICE.(Set TF_CPP_MIN_LOG_LEVEL=0 and rerun for more info.)
[36m(pid=2711902)[0m CUDA backend failed to initialize: jaxlib/cuda/versions_helpers.cc:99: operation cuInit(0) failed: CUDA_ERROR_NO_DEVICE.(Set TF_CPP_MIN_LOG_LEVEL=0 and rerun for more info.)
[36m(pid=2711901)[0m CUDA backend failed to initialize: jaxlib/cuda/versions_helpers.cc:99: operation cuInit(0) failed: CUDA_ERROR_NO_DEVICE.(Set TF_CPP_MIN_LOG_LEVEL=0 and rerun for more info.)
[36m(pid=2741368)[0m CUDA backend failed to initialize: jaxlib/cuda/versions_helpers.cc:99: operation cuInit(0) failed: CUDA_ERROR_NO_DEVICE.(Set TF_CPP_MIN_LOG_LEVEL=0 and rerun for more info.)
[36m(pid=2741367)[0m CUDA backend failed to initialize: jaxlib/cuda/versions_helpers.cc:99: operation cuInit(0) failed: CUDA_ERROR_NO_DEVICE.(Set TF_CPP_MIN_LOG_LEVEL=0 and rerun for more info.)
[36m(pid=2770904)[0m CUDA backend failed to initialize: jaxlib/cuda/versions_helpers.cc:99: operation cuInit(0) failed: CUDA_ERROR_NO_DEVICE.(Set TF_CPP_MIN_LOG_LEVEL=0 and rerun for more info.)
[36m(pid=2779734)[0m CUDA backend failed to initialize: jaxlib/cuda/versions_helpers.cc:99: operation cuInit(0) failed: CUDA_ERROR_NO_DEVICE.(Set TF_CPP_MIN_LOG_LEVEL=0 and rerun for more info.)
[36m(pid=2799911)[0m CUDA backend failed to initialize: jaxlib/cuda/versions_helpers.cc:99: operation cuInit(0) failed: CUDA_ERROR_NO_DEVICE.(Set TF_CPP_MIN_LOG_LEVEL=0 and rerun for more info.)
slurmstepd: error: Detected 16 oom_kill events in StepId=2719325.0. Some of the step tasks have been OOM Killed.
srun: error: node874: task 0: Out Of Memory
